<html>
<body>
<pre>
<h1>µVision Build Log</h1>
<h2>Project:</h2>
C:\STM32\STM-Std-Template\STM32F4_discovery_Temp\MDK-ARM\STM32F4_discovery_Temp.uvproj
Project File Date:  09/28/2016

<h2>Output:</h2>
Rebuild target 'STM32F4_discovery_Temp'
assembling startup_stm32f407xx.s...
compiling system_stm32f4xx.c...
compiling misc.c...
compiling stm32f4xx_adc.c...
compiling stm32f4xx_can.c...
compiling stm32f4xx_crc.c...
compiling stm32f4xx_cryp.c...
compiling stm32f4xx_cryp_aes.c...
compiling stm32f4xx_cryp_des.c...
compiling stm32f4xx_cryp_tdes.c...
compiling stm32f4xx_dac.c...
compiling stm32f4xx_dbgmcu.c...
compiling stm32f4xx_dcmi.c...
compiling stm32f4xx_dma.c...
compiling stm32f4xx_exti.c...
compiling stm32f4xx_flash.c...
compiling stm32f4xx_fsmc.c...
compiling stm32f4xx_gpio.c...
compiling stm32f4xx_hash.c...
compiling stm32f4xx_hash_md5.c...
compiling stm32f4xx_hash_sha1.c...
compiling stm32f4xx_i2c.c...
compiling stm32f4xx_iwdg.c...
compiling stm32f4xx_pwr.c...
compiling stm32f4xx_rcc.c...
compiling stm32f4xx_rng.c...
compiling stm32f4xx_rtc.c...
compiling stm32f4xx_sdio.c...
compiling stm32f4xx_spi.c...
compiling stm32f4xx_syscfg.c...
compiling stm32f4xx_tim.c...
compiling stm32f4xx_usart.c...
compiling stm32f4xx_wwdg.c...
compiling main.c...
compiling stm32f4xx_it.c...
linking...
Program Size: Code=732 RO-data=424 RW-data=8 ZI-data=1024  
"STM32F4_discovery_Temp\STM32F4_discovery_Temp.axf" - 0 Error(s), 0 Warning(s).
Load "STM32F4_discovery_Temp\\STM32F4_discovery_Temp.axf" 
Erase Done.
Programming Done.
Verify OK.
Load "STM32F4_discovery_Temp\\STM32F4_discovery_Temp.axf" 
Erase Done.
Programming Done.
Verify OK.
Application running ...
</pre>
</body>
</html>
c...
..\Drivers\CMSIS\ST\STM32F4xx\Include\stm32f4xx.h(6965): error:  #5: cannot open source input file "stm32f4xx_conf.h": No such file or directory
    #include "stm32f4xx_conf.h"
..\Drivers\STM32F4xx_StdPeriph_Driver\src\stm32f4xx_cryp.c: 0 warnings, 1 error
compiling stm32f4xx_cryp_aes.c...
..\Drivers\CMSIS\ST\STM32F4xx\Include\stm32f4xx.h(6965): error:  #5: cannot open source input file "stm32f4xx_conf.h": No such file or directory
    #include "stm32f4xx_conf.h"
..\Drivers\STM32F4xx_StdPeriph_Driver\src\stm32f4xx_cryp_aes.c: 0 warnings, 1 error
compiling stm32f4xx_cryp_des.c...
..\Drivers\CMSIS\ST\STM32F4xx\Include\stm32f4xx.h(6965): error:  #5: cannot open source input file "stm32f4xx_conf.h": No such file or directory
    #include "stm32f4xx_conf.h"
..\Drivers\STM32F4xx_StdPeriph_Driver\src\stm32f4xx_cryp_des.c: 0 warnings, 1 error
compiling stm32f4xx_cryp_tdes.c...
..\Drivers\CMSIS\ST\STM32F4xx\Include\stm32f4xx.h(6965): error:  #5: cannot open source input file "stm32f4xx_conf.h": No such file or directory
    #include "stm32f4xx_conf.h"
..\Drivers\STM32F4xx_StdPeriph_Driver\src\stm32f4xx_cryp_tdes.c: 0 warnings, 1 error
compiling stm32f4xx_dac.c...
..\Drivers\CMSIS\ST\STM32F4xx\Include\stm32f4xx.h(6965): error:  #5: cannot open source input file "stm32f4xx_conf.h": No such file or directory
    #include "stm32f4xx_conf.h"
..\Drivers\STM32F4xx_StdPeriph_Driver\src\stm32f4xx_dac.c: 0 warnings, 1 error
compiling stm32f4xx_dbgmcu.c...
..\Drivers\CMSIS\ST\STM32F4xx\Include\stm32f4xx.h(6965): error:  #5: cannot open source input file "stm32f4xx_conf.h": No such file or directory
    #include "stm32f4xx_conf.h"
..\Drivers\STM32F4xx_StdPeriph_Driver\src\stm32f4xx_dbgmcu.c: 0 warnings, 1 error
compiling stm32f4xx_dcmi.c...
..\Drivers\CMSIS\ST\STM32F4xx\Include\stm32f4xx.h(6965): error:  #5: cannot open source input file "stm32f4xx_conf.h": No such file or directory
    #include "stm32f4xx_conf.h"
..\Drivers\STM32F4xx_StdPeriph_Driver\src\stm32f4xx_dcmi.c: 0 warnings, 1 error
compiling stm32f4xx_dma.c...
..\Drivers\CMSIS\ST\STM32F4xx\Include\stm32f4xx.h(6965): error:  #5: cannot open source input file "stm32f4xx_conf.h": No such file or directory
    #include "stm32f4xx_conf.h"
..\Drivers\STM32F4xx_StdPeriph_Driver\src\stm32f4xx_dma.c: 0 warnings, 1 error
compiling stm32f4xx_exti.c...
..\Drivers\CMSIS\ST\STM32F4xx\Include\stm32f4xx.h(6965): error:  #5: cannot open source input file "stm32f4xx_conf.h": No such file or directory
    #include "stm32f4xx_conf.h"
..\Drivers\STM32F4xx_StdPeriph_Driver\src\stm32f4xx_exti.c: 0 warnings, 1 error
compiling stm32f4xx_flash.c...
..\Drivers\CMSIS\ST\STM32F4xx\Include\stm32f4xx.h(6965): error:  #5: cannot open source input file "stm32f4xx_conf.h": No such file or directory
    #include "stm32f4xx_conf.h"
..\Drivers\STM32F4xx_StdPeriph_Driver\src\stm32f4xx_flash.c: 0 warnings, 1 error
compiling stm32f4xx_fsmc.c...
..\Drivers\CMSIS\ST\STM32F4xx\Include\stm32f4xx.h(6965): error:  #5: cannot open source input file "stm32f4xx_conf.h": No such file or directory
    #include "stm32f4xx_conf.h"
..\Drivers\STM32F4xx_StdPeriph_Driver\src\stm32f4xx_fsmc.c: 0 warnings, 1 error
compiling stm32f4xx_gpio.c...
..\Drivers\CMSIS\ST\STM32F4xx\Include\stm32f4xx.h(6965): error:  #5: cannot open source input file "stm32f4xx_conf.h": No such file or directory
    #include "stm32f4xx_conf.h"
..\Drivers\STM32F4xx_StdPeriph_Driver\src\stm32f4xx_gpio.c: 0 warnings, 1 error
compiling stm32f4xx_hash.c...
..\Drivers\CMSIS\ST\STM32F4xx\Include\stm32f4xx.h(6965): error:  #5: cannot open source input file "stm32f4xx_conf.h": No such file or directory
    #include "stm32f4xx_conf.h"
..\Drivers\STM32F4xx_StdPeriph_Driver\src\stm32f4xx_hash.c: 0 warnings, 1 error
compiling stm32f4xx_hash_md5.c...
..\Drivers\CMSIS\ST\STM32F4xx\Include\stm32f4xx.h(6965): error:  #5: cannot open source input file "stm32f4xx_conf.h": No such file or directory
    #include "stm32f4xx_conf.h"
..\Drivers\STM32F4xx_StdPeriph_Driver\src\stm32f4xx_hash_md5.c: 0 warnings, 1 error
compiling stm32f4xx_hash_sha1.c...
..\Drivers\CMSIS\ST\STM32F4xx\Include\stm32f4xx.h(6965): error:  #5: cannot open source input file "stm32f4xx_conf.h": No such file or directory
    #include "stm32f4xx_conf.h"
..\Drivers\STM32F4xx_StdPeriph_Driver\src\stm32f4xx_hash_sha1.c: 0 warnings, 1 error
compiling stm32f4xx_i2c.c...
..\Drivers\CMSIS\ST\STM32F4xx\Include\stm32f4xx.h(6965): error:  #5: cannot open source input file "stm32f4xx_conf.h": No such file or directory
    #include "stm32f4xx_conf.h"
..\Drivers\STM32F4xx_StdPeriph_Driver\src\stm32f4xx_i2c.c: 0 warnings, 1 error
compiling stm32f4xx_iwdg.c...
..\Drivers\CMSIS\ST\STM32F4xx\Include\stm32f4xx.h(6965): error:  #5: cannot open source input file "stm32f4xx_conf.h": No such file or directory
    #include "stm32f4xx_conf.h"
..\Drivers\STM32F4xx_StdPeriph_Driver\src\stm32f4xx_iwdg.c: 0 warnings, 1 error
compiling stm32f4xx_pwr.c...
..\Drivers\CMSIS\ST\STM32F4xx\Include\stm32f4xx.h(6965): error:  #5: cannot open source input file "stm32f4xx_conf.h": No such file or directory
    #include "stm32f4xx_conf.h"
..\Drivers\STM32F4xx_StdPeriph_Driver\src\stm32f4xx_pwr.c: 0 warnings, 1 error
compiling stm32f4xx_rcc.c...
..\Drivers\CMSIS\ST\STM32F4xx\Include\stm32f4xx.h(6965): error:  #5: cannot open source input file "stm32f4xx_conf.h": No such file or directory
    #include "stm32f4xx_conf.h"
..\Drivers\STM32F4xx_StdPeriph_Driver\src\stm32f4xx_rcc.c: 0 warnings, 1 error
compiling stm32f4xx_rng.c...
..\Drivers\CMSIS\ST\STM32F4xx\Include\stm32f4xx.h(6965): error:  #5: cannot open source input file "stm32f4xx_conf.h": No such file or directory
    #include "stm32f4xx_conf.h"
..\Drivers\STM32F4xx_StdPeriph_Driver\src\stm32f4xx_rng.c: 0 warnings, 1 error
compiling stm32f4xx_rtc.c...
..\Drivers\CMSIS\ST\STM32F4xx\Include\stm32f4xx.h(6965): error:  #5: cannot open source input file "stm32f4xx_conf.h": No such file or directory
    #include "stm32f4xx_conf.h"
..\Drivers\STM32F4xx_StdPeriph_Driver\src\stm32f4xx_rtc.c: 0 warnings, 1 error
compiling stm32f4xx_sdio.c...
..\Drivers\CMSIS\ST\STM32F4xx\Include\stm32f4xx.h(6965): error:  #5: cannot open source input file "stm32f4xx_conf.h": No such file or directory
    #include "stm32f4xx_conf.h"
..\Drivers\STM32F4xx_StdPeriph_Driver\src\stm32f4xx_sdio.c: 0 warnings, 1 error
compiling stm32f4xx_spi.c...
..\Drivers\CMSIS\ST\STM32F4xx\Include\stm32f4xx.h(6965): error:  #5: cannot open source input file "stm32f4xx_conf.h": No such file or directory
    #include "stm32f4xx_conf.h"
..\Drivers\STM32F4xx_StdPeriph_Driver\src\stm32f4xx_spi.c: 0 warnings, 1 error
compiling stm32f4xx_syscfg.c...
..\Drivers\CMSIS\ST\STM32F4xx\Include\stm32f4xx.h(6965): error:  #5: cannot open source input file "stm32f4xx_conf.h": No such file or directory
    #include "stm32f4xx_conf.h"
..\Drivers\STM32F4xx_StdPeriph_Driver\src\stm32f4xx_syscfg.c: 0 warnings, 1 error
compiling stm32f4xx_tim.c...
..\Drivers\CMSIS\ST\STM32F4xx\Include\stm32f4xx.h(6965): error:  #5: cannot open source input file "stm32f4xx_conf.h": No such file or directory
    #include "stm32f4xx_conf.h"
..\Drivers\STM32F4xx_StdPeriph_Driver\src\stm32f4xx_tim.c: 0 warnings, 1 error
compiling stm32f4xx_usart.c...
..\Drivers\CMSIS\ST\STM32F4xx\Include\stm32f4xx.h(6965): error:  #5: cannot open source input file "stm32f4xx_conf.h": No such file or directory
    #include "stm32f4xx_conf.h"
..\Drivers\STM32F4xx_StdPeriph_Driver\src\stm32f4xx_usart.c: 0 warnings, 1 error
compiling stm32f4xx_wwdg.c...
..\Drivers\CMSIS\ST\STM32F4xx\Include\stm32f4xx.h(6965): error:  #5: cannot open source input file "stm32f4xx_conf.h": No such file or directory
    #include "stm32f4xx_conf.h"
..\Drivers\STM32F4xx_StdPeriph_Driver\src\stm32f4xx_wwdg.c: 0 warnings, 1 error
compiling main.c...
..\main.c(22): error:  #5: cannot open source input file "stm32f4_discovery.h": No such file or directory
  #include "stm32f4_discovery.h"
..\main.c: 0 warnings, 1 error
compiling stm32f4xx_it.c...
..\Drivers\CMSIS\ST\STM32F4xx\Include\stm32f4xx.h(6965): error:  #5: cannot open source input file "stm32f4xx_conf.h": No such file or directory
    #include "stm32f4xx_conf.h"
..\stm32f4xx_it.c: 0 warnings, 1 error
"STM32F4_discovery_Temp\STM32F4_discovery_Temp.axf" - 34 Error(s), 0 Warning(s).
Target not created
 #5: cannot open source input file "stm32f4xx_hal_conf.h": No such file or directory
  #include "stm32f4xx_hal_conf.h"
..\stm32f4xx_it.c: 0 warnings, 1 error
"STM32F4_discovery_Temp\STM32F4_discovery_Temp.axf" - 34 Error(s), 0 Warning(s).
Target not created
